Microchip MPLAB XC8 Compiler V2.40

Linker command line:

-W-3 \
  --edf=C:\Program Files\Microchip\xc8\v2.40\pic\dat\20220703182018_en.msgs \
  -cn -h+dist/default/production\SPI-Slave.X.production.sym \
  --cmf=dist/default/production\SPI-Slave.X.production.cmf -z -Q16F887 \
  -oC:\Users\Gabriel\AppData\Local\Temp\xcAseug.4 --defsym=__MPLAB_BUILD=1 \
  --fixupoverflow=error \
  -Mdist/default/production/SPI-Slave.X.production.map \
  --md=C:\Users\Gabriel\AppData\Local\Temp\xcAseug.dat -E1 \
  -ver=XC8 Compiler --acfsm=1493 -ACODE=00h-07FFhx4 -ASTRCODE=00h-01FFFh \
  -ASTRING=00h-0FFhx32 -ACONST=00h-0FFhx32 -AENTRY=00h-0FFhx32 \
  -ACOMMON=070h-07Fh -ABANK0=020h-06Fh -ABANK1=0A0h-0EFh \
  -ABANK2=0110h-016Fh -ABANK3=0190h-01EFh \
  -ARAM=020h-06Fh,0A0h-0EFh,0110h-016Fh,0190h-01EFh \
  -AABS1=020h-07Fh,0A0h-0EFh,0110h-016Fh,0190h-01EFh -ASFR0=00h-01Fh \
  -ASFR1=080h-09Fh -ASFR2=0100h-010Fh -ASFR3=0180h-018Fh \
  -ACONFIG=02007h-02008h -DCONFIG=2 -AIDLOC=02000h-02003h -DIDLOC=2 \
  -AEEDATA=00h-0FFh/02100h -peeprom_data=EEDATA -DEEDATA=2 -DCODE=2 \
  -DSTRCODE=2 -DSTRING=2 -DCONST=2 -DENTRY=2 \
  -preset_vec=00h,intentry=04h,init,end_init -ppowerup=CODE -pcinit=CODE \
  -pfunctab=ENTRY -k C:\Users\Gabriel\AppData\Local\Temp\xcAseug.o \
  dist/default/production\SPI-Slave.X.production.o 

Object code version is 3.11

Machine type is 16F887



                Name                               Link     Load   Length Selector   Space Scale
C:\Users\Gabriel\AppData\Local\Temp\xcAseug.o
                end_init                              C        C        3        8       0
                reset_vec                             0        0        3        0       0
                config                             2007     2007        2        0       4
                idloc                              2000     2000        4        0       5
dist/default/production\SPI-Slave.X.production.o
                cinit                                 F        F        8        8       0
                intentry                              4        4        8        8       0
                config                             2007     2007        2        0       4
                idloc                              2000     2000        4        0       5
                text10                              307      307        A        8       0
                text9                               31A      31A        7        8       0
                text8                               311      311        9        8       0
                text7                               321      321        6        8       0
                text6                               110      110       F9        8       0
                text5                               209      209       70        8       0
                text4                                17       17       F9        8       0
                text3                               2AC      2AC       23        8       0
                text2                               2CF      2CF       1E        8       0
                text1                               279      279       33        8       0
                maintext                            2ED      2ED       1A        8       0
                cstackBANK0                          20       20        5       20       1
                cstackCOMMON                         70       70        7       70       1
                bssCOMMON                            77       77        4       70       1

TOTAL           Name                               Link     Load   Length     Space
        CLASS   CODE           
                end_init                              C        C        3         0
                cinit                                 F        F        8         0
                intentry                              4        4        8         0
                reset_vec                             0        0        3         0
                text10                              307      307        A         0
                text9                               31A      31A        7         0
                text8                               311      311        9         0
                text7                               321      321        6         0
                text6                               110      110       F9         0
                text5                               209      209       70         0
                text4                                17       17       F9         0
                text3                               2AC      2AC       23         0
                text2                               2CF      2CF       1E         0
                text1                               279      279       33         0
                maintext                            2ED      2ED       1A         0

        CLASS   STRCODE        

        CLASS   STRING         

        CLASS   CONST          

        CLASS   ENTRY          

        CLASS   COMMON         
                cstackCOMMON                         70       70        7         1
                bssCOMMON                            77       77        4         1

        CLASS   BANK0          
                cstackBANK0                          20       20        5         1

        CLASS   BANK1          

        CLASS   BANK2          

        CLASS   BANK3          

        CLASS   RAM            

        CLASS   ABS1           
                abs_s1                               7E       7E        2         1

        CLASS   SFR0           

        CLASS   SFR1           

        CLASS   SFR2           

        CLASS   SFR3           

        CLASS   CONFIG         
                config                             2007     2007        2         4

        CLASS   IDLOC          
                idloc                              2000     2000        4         5

        CLASS   EEDATA         

        CLASS   STACK          



SEGMENTS        Name                           Load    Length   Top    Selector   Space  Class     Delta

                reset_vec                      000000  000003  000003         0       0  CODE        2
                intentry                       000004  000323  000327         8       0  CODE        2
                cstackBANK0                    000020  000005  000025        20       1  BANK0       1
                cstackCOMMON                   000070  00000B  00007B        70       1  COMMON      1


UNUSED ADDRESS RANGES

        Name                Unused          Largest block    Delta
        BANK0            0025-006F             4B           1
        BANK1            00A0-00EF             50           1
        BANK2            0110-016F             60           1
        BANK3            0190-01EF             60           1
        CODE             0003-0003              1           2
                         0327-1FFF            800
        COMMON           007B-007D              3           1
        CONST            0003-0003              1           2
                         0327-1FFF            100
        EEDATA           2100-21FF            100           2
        ENTRY            0003-0003              1           2
                         0327-1FFF            100
        RAM              0025-006F             4B           1
                         00A0-00EF             50
                         0110-016F             60
                         0190-01EF             60
        SFR0             0000-001F             20           1
        SFR1             0080-009F             20           1
        SFR2             0100-010F             10           1
        SFR3             0180-018F             10           1
        STRCODE          0003-0003              1           2
                         0327-1FFF           1CD9
        STRING           0003-0003              1           2
                         0327-1FFF            100

                                  Symbol Table

?_adc_read                    cstackCOMMON 0070
_ADCON0bits                   (abs)        001F
_ADCON1bits                   (abs)        009F
_ADRESH                       (abs)        001E
_ANSEL                        (abs)        0188
_ANSELH                       (abs)        0189
_ANSELbits                    (abs)        0188
_INTCONbits                   (abs)        000B
_IOCBbits                     (abs)        0096
_OPTION_REGbits               (abs)        0081
_OSCCONbits                   (abs)        008F
_PIE1bits                     (abs)        008C
_PIR1bits                     (abs)        000C
_PORTB                        (abs)        0006
_PORTBbits                    (abs)        0006
_PORTD                        (abs)        0008
_SSPBUF                       (abs)        0013
_SSPCON                       (abs)        0014
_SSPSTAT                      (abs)        0094
_SSPSTATbits                  (abs)        0094
_TRISAbits                    (abs)        0085
_TRISBbits                    (abs)        0086
_TRISC3                       (abs)        043B
_TRISC5                       (abs)        043D
_TRISD                        (abs)        0088
_WPUBbits                     (abs)        0095
__Habs1                       abs1         0000
__Hbank0                      bank0        0000
__Hbank1                      bank1        0000
__Hbank2                      bank2        0000
__Hbank3                      bank3        0000
__HbssCOMMON                  bssCOMMON    0000
__Hcinit                      cinit        0017
__Hclrtext                    clrtext      0000
__Hcode                       code         0000
__Hcommon                     common       0000
__Hconfig                     config       2009
__HcstackBANK0                cstackBANK0  0000
__HcstackCOMMON               cstackCOMMON 0000
__Heeprom_data                eeprom_data  0000
__Hend_init                   end_init     000F
__Hfunctab                    functab      0000
__Hidloc                      idloc        2004
__Hinit                       init         000C
__Hintentry                   intentry     000C
__Hmaintext                   maintext     0000
__Hpowerup                    powerup      0000
__Hram                        ram          0000
__Hreset_vec                  reset_vec    0003
__Hsfr0                       sfr0         0000
__Hsfr1                       sfr1         0000
__Hsfr2                       sfr2         0000
__Hsfr3                       sfr3         0000
__Hspace_0                    (abs)        0327
__Hspace_1                    (abs)        007B
__Hspace_2                    (abs)        0000
__Hspace_3                    (abs)        0000
__Hspace_4                    (abs)        4010
__Hstack                      stack        0000
__Hstrings                    strings      0000
__Htext                       text         0000
__Labs1                       abs1         0000
__Lbank0                      bank0        0000
__Lbank1                      bank1        0000
__Lbank2                      bank2        0000
__Lbank3                      bank3        0000
__LbssCOMMON                  bssCOMMON    0000
__Lcinit                      cinit        000F
__Lclrtext                    clrtext      0000
__Lcode                       code         0000
__Lcommon                     common       0000
__Lconfig                     config       0000
__LcstackBANK0                cstackBANK0  0000
__LcstackCOMMON               cstackCOMMON 0000
__Leeprom_data                eeprom_data  0000
__Lend_init                   end_init     000C
__Lfunctab                    functab      0000
__Lidloc                      idloc        0000
__Linit                       init         000C
__Lintentry                   intentry     0004
__Lmaintext                   maintext     0000
__Lpowerup                    powerup      0000
__Lram                        ram          0000
__Lreset_vec                  reset_vec    0000
__Lsfr0                       sfr0         0000
__Lsfr1                       sfr1         0000
__Lsfr2                       sfr2         0000
__Lsfr3                       sfr3         0000
__Lspace_0                    (abs)        0000
__Lspace_1                    (abs)        0000
__Lspace_2                    (abs)        0000
__Lspace_3                    (abs)        0000
__Lspace_4                    (abs)        0000
__Lstack                      stack        0000
__Lstrings                    strings      0000
__Ltext                       text         0000
__S0                          (abs)        0327
__S1                          (abs)        007B
__S3                          (abs)        0000
___int_sp                     stack        0000
___latbits                    (abs)        0002
___sp                         stack        0000
___stackhi                    (abs)        0000
___stacklo                    (abs)        0000
__end_of__initialization      cinit        0013
__end_of_adc_change_channel   text4        0110
__end_of_adc_init             text3        02CF
__end_of_adc_read             text10       0311
__end_of_isr                  text5        0279
__end_of_main                 maintext     0307
__end_of_setup                text1        02AC
__end_of_spiInit              text2        02ED
__end_of_spiRead              text8        031A
__end_of_spiReceiveWait       text9        0321
__end_of_spiWrite             text7        0327
__end_ofi1_adc_change_channel text6        0209
__initialization              cinit        000F
__pbssCOMMON                  bssCOMMON    0077
__pcstackBANK0                cstackBANK0  0020
__pcstackCOMMON               cstackCOMMON 0070
__pintentry                   intentry     0004
__pmaintext                   maintext     02ED
__ptext1                      text1        0279
__ptext10                     text10       0307
__ptext2                      text2        02CF
__ptext3                      text3        02AC
__ptext4                      text4        0017
__ptext5                      text5        0209
__ptext6                      text6        0110
__ptext7                      text7        0321
__ptext8                      text8        0311
__ptext9                      text9        031A
_adc_change_channel           text4        0017
_adc_init                     text3        02AC
_adc_read                     text10       0307
_bandera                      bssCOMMON    0077
_contador                     bssCOMMON    0078
_isr                          text5        0209
_main                         maintext     02ED
_setup                        text1        0279
_spiInit                      text2        02CF
_spiRead                      text8        0311
_spiReceiveWait               text9        031A
_spiWrite                     text7        0321
_var                          bssCOMMON    007A
_voltaje1                     bssCOMMON    0079
adc_change_channel@channel    cstackBANK0  0020
adc_init@channel              cstackBANK0  0022
btemp                         (abs)        007E
end_of_initialization         cinit        0013
i1_adc_change_channel         text6        0110
i1adc_change_channel@channel  cstackCOMMON 0070
interrupt_function            intentry     0004
intlevel0                     functab      0000
intlevel1                     functab      0000
intlevel2                     functab      0000
intlevel3                     functab      0000
intlevel4                     functab      0000
intlevel5                     functab      0000
reset_vec                     reset_vec    0000
saved_w                       (abs)        007E
spiInit@sClockIdle            cstackBANK0  0021
spiInit@sDataSample           cstackBANK0  0020
spiInit@sTransmitEdge         cstackBANK0  0022
spiInit@sType                 cstackBANK0  0023
spiWrite@dat                  cstackCOMMON 0070
start                         init         000C
start_initialization          cinit        000F
wtemp0                        (abs)        007E


MODULE INFORMATION

Module		Function		Class		Link	Load	Size
shared
		__initialization		CODE           	000F	0000	4
		i1_adc_change_channel		CODE           	0110	0000	249

shared estimated size: 253

ADC_setup.c
		_adc_read      		CODE           	0307	0000	10
		_adc_change_channel		CODE           	0017	0000	249
		_adc_init      		CODE           	02AC	0000	35

ADC_setup.c estimated size: 294

SPI.c
		_spiWrite      		CODE           	0321	0000	6
		_spiInit       		CODE           	02CF	0000	30
		_spiReceiveWait		CODE           	031A	0000	7
		_spiRead       		CODE           	0311	0000	9

SPI.c estimated size: 52

main.c
		_main          		CODE           	02ED	0000	26
		_isr           		CODE           	0209	0000	112
		_setup         		CODE           	0279	0000	51

main.c estimated size: 189

