Microchip MPLAB XC8 Compiler V2.40

Linker command line:

-W-3 \
  --edf=C:\Program Files\Microchip\xc8\v2.40\pic\dat\20220703182018_en.msgs \
  -cn -h+dist/default/production\SPI-Master.X.production.sym \
  --cmf=dist/default/production\SPI-Master.X.production.cmf -z -Q16F887 \
  -oC:\Users\Gabriel\AppData\Local\Temp\xcAse28.4 --defsym=__MPLAB_BUILD=1 \
  --fixupoverflow=error \
  -Mdist/default/production/SPI-Master.X.production.map \
  --md=C:\Users\Gabriel\AppData\Local\Temp\xcAse28.dat -E1 \
  -ver=XC8 Compiler --acfsm=1493 -ACODE=00h-07FFhx4 -ASTRCODE=00h-01FFFh \
  -ASTRING=00h-0FFhx32 -ACONST=00h-0FFhx32 -AENTRY=00h-0FFhx32 \
  -ACOMMON=070h-07Fh -ABANK0=020h-06Fh -ABANK1=0A0h-0EFh \
  -ABANK2=0110h-016Fh -ABANK3=0190h-01EFh \
  -ARAM=020h-06Fh,0A0h-0EFh,0110h-016Fh,0190h-01EFh \
  -AABS1=020h-07Fh,0A0h-0EFh,0110h-016Fh,0190h-01EFh -ASFR0=00h-01Fh \
  -ASFR1=080h-09Fh -ASFR2=0100h-010Fh -ASFR3=0180h-018Fh \
  -ACONFIG=02007h-02008h -DCONFIG=2 -AIDLOC=02000h-02003h -DIDLOC=2 \
  -AEEDATA=00h-0FFh/02100h -peeprom_data=EEDATA -DEEDATA=2 -DCODE=2 \
  -DSTRCODE=2 -DSTRING=2 -DCONST=2 -DENTRY=2 \
  -preset_vec=00h,intentry=04h,init,end_init -ppowerup=CODE -pcinit=CODE \
  -pfunctab=ENTRY -k C:\Users\Gabriel\AppData\Local\Temp\xcAse28.o \
  dist/default/production\SPI-Master.X.production.o 

Object code version is 3.11

Machine type is 16F887



                Name                               Link     Load   Length Selector   Space Scale
C:\Users\Gabriel\AppData\Local\Temp\xcAse28.o
                end_init                              C        C        3        8       0
                reset_vec                             0        0        3        0       0
                config                             2007     2007        2        0       4
                idloc                              2000     2000        4        0       5
dist/default/production\SPI-Master.X.production.o
                cinit                                 F        F       15        8       0
                intentry                              4        4        8        8       0
                config                             2007     2007        2        0       4
                idloc                              2000     2000        4        0       5
                text21                              77E      77E        7      D30       0
                text20                              5B5      5B5       3E        8       0
                text19                              702      702       1A      D30       0
                text18                              759      759        D      D30       0
                text17                              4DE      4DE       51        8       0
                text16                              6E2      6E2       20      D30       0
                text15                              732      732       15      D30       0
                text14                              573      573       42        8       0
                text13                              483      483       5B        8       0
                text12                              41A      41A       69        8       0
                text11                              6BD      6BD       25      D30       0
                text10                              62F      62F       35        8       0
                text9                               71C      71C       16      D30       0
                text8                               698      698       25      D30       0
                text7                               777      777        7      D30       0
                text6                               766      766        9      D30       0
                text5                               785      785        6      D30       0
                text4                               52F      52F       44        8       0
                text3                               5F3      5F3       3C        8       0
                text2                               747      747       12      D30       0
                text1                               25A      25A      1C0        8       0
                maintext                             24       24      236        8       0
                cstackBANK0                          47       47       19       20       1
                cstackCOMMON                         70       70        C       70       1
                clrtext                             76F      76F        8      D30       0
                bssBANK1                             A0       A0       28       A0       1
                bssBANK0                             20       20       27       20       1
                strings                             664      664       34      CC8       0

TOTAL           Name                               Link     Load   Length     Space
        CLASS   CODE           
                end_init                              C        C        3         0
                cinit                                 F        F       15         0
                intentry                              4        4        8         0
                reset_vec                             0        0        3         0
                text21                              77E      77E        7         0
                text20                              5B5      5B5       3E         0
                text19                              702      702       1A         0
                text18                              759      759        D         0
                text17                              4DE      4DE       51         0
                text16                              6E2      6E2       20         0
                text15                              732      732       15         0
                text14                              573      573       42         0
                text13                              483      483       5B         0
                text12                              41A      41A       69         0
                text11                              6BD      6BD       25         0
                text10                              62F      62F       35         0
                text9                               71C      71C       16         0
                text8                               698      698       25         0
                text7                               777      777        7         0
                text6                               766      766        9         0
                text5                               785      785        6         0
                text4                               52F      52F       44         0
                text3                               5F3      5F3       3C         0
                text2                               747      747       12         0
                text1                               25A      25A      1C0         0
                maintext                             24       24      236         0
                clrtext                             76F      76F        8         0

        CLASS   STRCODE        

        CLASS   STRING         
                strings                             664      664       34         0

        CLASS   CONST          

        CLASS   ENTRY          

        CLASS   COMMON         
                cstackCOMMON                         70       70        C         1

        CLASS   BANK0          
                cstackBANK0                          47       47       19         1
                bssBANK0                             20       20       27         1

        CLASS   BANK1          
                bssBANK1                             A0       A0       28         1

        CLASS   BANK2          

        CLASS   BANK3          

        CLASS   RAM            

        CLASS   ABS1           
                abs_s1                               7E       7E        2         1

        CLASS   SFR0           

        CLASS   SFR1           

        CLASS   SFR2           

        CLASS   SFR3           

        CLASS   CONFIG         
                config                             2007     2007        2         4

        CLASS   IDLOC          
                idloc                              2000     2000        4         5

        CLASS   EEDATA         

        CLASS   STACK          



SEGMENTS        Name                           Load    Length   Top    Selector   Space  Class     Delta

                reset_vec                      000000  000003  000003         0       0  CODE        2
                intentry                       000004  000660  000664         8       0  CODE        2
                bssBANK0                       000020  000040  000060        20       1  BANK0       1
                cstackCOMMON                   000070  00000C  00007C        70       1  COMMON      1
                bssBANK1                       0000A0  000028  0000C8        A0       1  BANK1       1
                strings                        000664  000034  000698       CC8       0  STRING      2
                text8                          000698  0000F3  00078B       D30       0  CODE        2


UNUSED ADDRESS RANGES

        Name                Unused          Largest block    Delta
        BANK0            0060-006F             10           1
        BANK1            00C8-00EF             28           1
        BANK2            0110-016F             60           1
        BANK3            0190-01EF             60           1
        CODE             0003-0003              1           2
                         078B-1FFF            800
        COMMON           007C-007D              2           1
        CONST            0003-0003              1           2
                         078B-1FFF            100
        EEDATA           2100-21FF            100           2
        ENTRY            0003-0003              1           2
                         078B-1FFF            100
        RAM              0060-006F             10           1
                         00C8-00EF             28
                         0110-016F             60
                         0190-01EF             60
        SFR0             0000-001F             20           1
        SFR1             0080-009F             20           1
        SFR2             0100-010F             10           1
        SFR3             0180-018F             10           1
        STRCODE          0003-0003              1           2
                         078B-1FFF           1875
        STRING           0003-0003              1           2
                         078B-1FFF            100

                                  Symbol Table

?___awdiv                 cstackCOMMON 0078
?___awmod                 cstackBANK0  004C
?___lwdiv                 cstackCOMMON 0072
?___lwmod                 cstackBANK0  0047
?___wmul                  cstackCOMMON 0072
?_map                     cstackBANK0  004C
?_sprintf                 cstackBANK0  004B
Lcd_Cmd@a                 cstackCOMMON 0075
Lcd_Port@a                cstackCOMMON 0072
Lcd_Set_Cursor@a          cstackCOMMON 0077
Lcd_Set_Cursor@b          cstackCOMMON 0076
Lcd_Set_Cursor@temp       cstackCOMMON 0078
Lcd_Write_Char@a          cstackCOMMON 0074
Lcd_Write_String@a        cstackCOMMON 0075
Lcd_Write_String@i        cstackCOMMON 007A
_ANSEL                    (abs)        0188
_ANSELH                   (abs)        0189
_Lcd_Clear                text18       0759
_Lcd_Cmd                  text19       0702
_Lcd_Init                 text17       04DE
_Lcd_Port                 text20       05B5
_Lcd_Set_Cursor           text16       06E2
_Lcd_Write_Char           text15       0732
_Lcd_Write_String         text14       0573
_OSCCONbits               (abs)        008F
_PORTA                    (abs)        0005
_PORTB                    (abs)        0006
_PORTBbits                (abs)        0006
_PORTC                    (abs)        0007
_PORTCbits                (abs)        0007
_PORTD                    (abs)        0008
_PORTDbits                (abs)        0008
_PORTE                    (abs)        0009
_SSPBUF                   (abs)        0013
_SSPCON                   (abs)        0014
_SSPSTAT                  (abs)        0094
_SSPSTATbits              (abs)        0094
_TRISB                    (abs)        0086
_TRISC3                   (abs)        043B
_TRISC5                   (abs)        043D
_TRISCbits                (abs)        0087
_TRISD                    (abs)        0088
__Habs1                   abs1         0000
__Hbank0                  bank0        0000
__Hbank1                  bank1        0000
__Hbank2                  bank2        0000
__Hbank3                  bank3        0000
__HbssBANK0               bssBANK0     0000
__HbssBANK1               bssBANK1     0000
__Hcinit                  cinit        0024
__Hclrtext                clrtext      0000
__Hcode                   code         0000
__Hcommon                 common       0000
__Hconfig                 config       2009
__HcstackBANK0            cstackBANK0  0000
__HcstackCOMMON           cstackCOMMON 0000
__Heeprom_data            eeprom_data  0000
__Hend_init               end_init     000F
__Hfunctab                functab      0000
__Hidloc                  idloc        2004
__Hinit                   init         000C
__Hintentry               intentry     000C
__Hmaintext               maintext     0000
__Hpowerup                powerup      0000
__Hram                    ram          0000
__Hreset_vec              reset_vec    0003
__Hsfr0                   sfr0         0000
__Hsfr1                   sfr1         0000
__Hsfr2                   sfr2         0000
__Hsfr3                   sfr3         0000
__Hspace_0                (abs)        078B
__Hspace_1                (abs)        00C8
__Hspace_2                (abs)        0000
__Hspace_3                (abs)        0000
__Hspace_4                (abs)        4010
__Hstack                  stack        0000
__Hstrings                strings      0000
__Htext                   text         0000
__Labs1                   abs1         0000
__Lbank0                  bank0        0000
__Lbank1                  bank1        0000
__Lbank2                  bank2        0000
__Lbank3                  bank3        0000
__LbssBANK0               bssBANK0     0000
__LbssBANK1               bssBANK1     0000
__Lcinit                  cinit        000F
__Lclrtext                clrtext      0000
__Lcode                   code         0000
__Lcommon                 common       0000
__Lconfig                 config       0000
__LcstackBANK0            cstackBANK0  0000
__LcstackCOMMON           cstackCOMMON 0000
__Leeprom_data            eeprom_data  0000
__Lend_init               end_init     000C
__Lfunctab                functab      0000
__Lidloc                  idloc        0000
__Linit                   init         000C
__Lintentry               intentry     0004
__Lmaintext               maintext     0000
__Lpowerup                powerup      0000
__Lram                    ram          0000
__Lreset_vec              reset_vec    0000
__Lsfr0                   sfr0         0000
__Lsfr1                   sfr1         0000
__Lsfr2                   sfr2         0000
__Lsfr3                   sfr3         0000
__Lspace_0                (abs)        0000
__Lspace_1                (abs)        0000
__Lspace_2                (abs)        0000
__Lspace_3                (abs)        0000
__Lspace_4                (abs)        0000
__Lstack                  stack        0000
__Lstrings                strings      0000
__Ltext                   text         0000
__S0                      (abs)        078B
__S1                      (abs)        00C8
__S3                      (abs)        0000
___awdiv                  text12       041A
___awdiv@counter          cstackBANK0  0048
___awdiv@dividend         cstackCOMMON 007A
___awdiv@divisor          cstackCOMMON 0078
___awdiv@quotient         cstackBANK0  004A
___awdiv@sign             cstackBANK0  0049
___awmod                  text13       0483
___awmod@counter          cstackBANK0  0051
___awmod@dividend         cstackBANK0  004E
___awmod@divisor          cstackBANK0  004C
___awmod@sign             cstackBANK0  0052
___int_sp                 stack        0000
___latbits                (abs)        0002
___lwdiv                  text4        052F
___lwdiv@counter          cstackCOMMON 0079
___lwdiv@dividend         cstackCOMMON 0074
___lwdiv@divisor          cstackCOMMON 0072
___lwdiv@quotient         cstackCOMMON 0077
___lwmod                  text3        05F3
___lwmod@counter          cstackCOMMON 007B
___lwmod@dividend         cstackBANK0  0049
___lwmod@divisor          cstackBANK0  0047
___sp                     stack        0000
___stackhi                (abs)        0000
___stacklo                (abs)        0000
___wmul                   text11       06BD
___wmul@multiplicand      cstackCOMMON 0074
___wmul@multiplier        cstackCOMMON 0072
___wmul@product           cstackCOMMON 0076
__end_of_Lcd_Clear        text18       0766
__end_of_Lcd_Cmd          text19       071C
__end_of_Lcd_Init         text17       052F
__end_of_Lcd_Port         text20       05F3
__end_of_Lcd_Set_Cursor   text16       0702
__end_of_Lcd_Write_Char   text15       0747
__end_of_Lcd_Write_String text14       05B5
__end_of___awdiv          text12       0483
__end_of___awmod          text13       04DE
__end_of___lwdiv          text4        0573
__end_of___lwmod          text3        062F
__end_of___wmul           text11       06E2
__end_of__initialization  cinit        0020
__end_of__stringtab       strings      0674
__end_of_dpowers          strings      067E
__end_of_isdigit          text2        0759
__end_of_isr              text21       0785
__end_of_main             maintext     025A
__end_of_map              text10       0664
__end_of_setup            text8        06BD
__end_of_spiInit          text9        0732
__end_of_spiRead          text6        076F
__end_of_spiReceiveWait   text7        077E
__end_of_spiWrite         text5        078B
__end_of_sprintf          text1        041A
__initialization          cinit        000F
__pbssBANK0               bssBANK0     0020
__pbssBANK1               bssBANK1     00A0
__pcstackBANK0            cstackBANK0  0047
__pcstackCOMMON           cstackCOMMON 0070
__pintentry               intentry     0004
__pmaintext               maintext     0024
__pstrings                strings      0664
__ptext1                  text1        025A
__ptext10                 text10       062F
__ptext11                 text11       06BD
__ptext12                 text12       041A
__ptext13                 text13       0483
__ptext14                 text14       0573
__ptext15                 text15       0732
__ptext16                 text16       06E2
__ptext17                 text17       04DE
__ptext18                 text18       0759
__ptext19                 text19       0702
__ptext2                  text2        0747
__ptext20                 text20       05B5
__ptext21                 text21       077E
__ptext3                  text3        05F3
__ptext4                  text4        052F
__ptext5                  text5        0785
__ptext6                  text6        0766
__ptext7                  text7        0777
__ptext8                  text8        0698
__ptext9                  text9        071C
__stringbase              strings      0673
__stringtab               strings      0664
_buffer                   bssBANK0     0033
_buffer1                  bssBANK1     00B4
_buffer2                  bssBANK1     00A0
_centesima1               bssBANK0     0026
_centesima2               bssBANK0     0020
_contador                 bssBANK0     0030
_decima1                  bssBANK0     0028
_decima2                  bssBANK0     0022
_dpowers                  strings      0674
_isdigit                  text2        0747
_isdigit$912              cstackCOMMON 0072
_isr                      text21       077E
_main                     maintext     0024
_map                      text10       062F
_setup                    text8        0698
_spiInit                  text9        071C
_spiRead                  text6        0766
_spiReceiveWait           text7        0777
_spiWrite                 text5        0785
_sprintf                  text1        025A
_unidad1                  bssBANK0     002A
_unidad2                  bssBANK0     0024
_vol1                     bssBANK0     002E
_vol2                     bssBANK0     002C
_voltaje1                 bssBANK0     0032
_voltaje2                 bssBANK0     0031
btemp                     (abs)        007E
clear_ram0                clrtext      076F
end_of_initialization     cinit        0020
interrupt_function        intentry     0004
intlevel0                 functab      0000
intlevel1                 functab      0000
intlevel2                 functab      0000
intlevel3                 functab      0000
intlevel4                 functab      0000
intlevel5                 functab      0000
isdigit@c                 cstackCOMMON 0073
map@inputmax              cstackBANK0  004E
map@inputmin              cstackBANK0  004C
map@outmax                cstackBANK0  0052
map@outmin                cstackBANK0  0050
map@value                 cstackBANK0  0055
reset_vec                 reset_vec    0000
saved_w                   (abs)        007E
spiInit@sClockIdle        cstackCOMMON 0073
spiInit@sDataSample       cstackCOMMON 0072
spiInit@sTransmitEdge     cstackCOMMON 0074
spiInit@sType             cstackCOMMON 0075
spiWrite@dat              cstackCOMMON 0072
sprintf@ap                cstackBANK0  0055
sprintf@c                 cstackBANK0  005D
sprintf@f                 cstackBANK0  004B
sprintf@flag              cstackBANK0  0059
sprintf@prec              cstackBANK0  0056
sprintf@sp                cstackBANK0  005C
sprintf@val               cstackBANK0  0057
sprintf@width             cstackBANK0  005A
start                     init         000C
start_initialization      cinit        000F
wtemp0                    (abs)        007E


MODULE INFORMATION

Module		Function		Class		Link	Load	Size
C:\Program Files\Microchip\xc8\v2.40\pic\sources\c90\common\awdiv.c
		___awdiv       		CODE           	041A	0000	105

C:\Program Files\Microchip\xc8\v2.40\pic\sources\c90\common\awdiv.c estimated size: 105

C:\Program Files\Microchip\xc8\v2.40\pic\sources\c90\common\doprnt.c
		_sprintf       		CODE           	025A	0000	448

C:\Program Files\Microchip\xc8\v2.40\pic\sources\c90\common\doprnt.c estimated size: 448

C:\Program Files\Microchip\xc8\v2.40\pic\sources\c90\common\Umul16.c
		___wmul        		CODE           	06BD	0000	37

C:\Program Files\Microchip\xc8\v2.40\pic\sources\c90\common\Umul16.c estimated size: 37

C:\Program Files\Microchip\xc8\v2.40\pic\sources\c90\common\lwmod.c
		___lwmod       		CODE           	05F3	0000	60

C:\Program Files\Microchip\xc8\v2.40\pic\sources\c90\common\lwmod.c estimated size: 60

shared
		__stringtab    		STRING         	0664	0000	16
		_dpowers       		STRING         	0674	0000	10
		__initialization		CODE           	000F	0000	17

shared estimated size: 43

C:\Program Files\Microchip\xc8\v2.40\pic\sources\c90\common\isdigit.c
		_isdigit       		CODE           	0747	0000	18

C:\Program Files\Microchip\xc8\v2.40\pic\sources\c90\common\isdigit.c estimated size: 18

SPI.c
		_spiWrite      		CODE           	0785	0000	6
		_spiInit       		CODE           	071C	0000	22
		_spiReceiveWait		CODE           	0777	0000	7
		_spiRead       		CODE           	0766	0000	9

SPI.c estimated size: 44

C:\Program Files\Microchip\xc8\v2.40\pic\sources\c90\common\awmod.c
		___awmod       		CODE           	0483	0000	91

C:\Program Files\Microchip\xc8\v2.40\pic\sources\c90\common\awmod.c estimated size: 91

main.c
		_map           		CODE           	062F	0000	53
		_main          		CODE           	0024	0000	566
		_isr           		CODE           	077E	0000	7
		_setup         		CODE           	0698	0000	37

main.c estimated size: 663

C:\Program Files\Microchip\xc8\v2.40\pic\sources\c90\common\lwdiv.c
		___lwdiv       		CODE           	052F	0000	68

C:\Program Files\Microchip\xc8\v2.40\pic\sources\c90\common\lwdiv.c estimated size: 68

LCD.c
		_Lcd_Write_String		CODE           	0573	0000	66
		_Lcd_Init      		CODE           	04DE	0000	81
		_Lcd_Write_Char		CODE           	0732	0000	21
		_Lcd_Cmd       		CODE           	0702	0000	26
		_Lcd_Set_Cursor		CODE           	06E2	0000	32
		_Lcd_Clear     		CODE           	0759	0000	13
		_Lcd_Port      		CODE           	05B5	0000	62

LCD.c estimated size: 301

