Microchip MPLAB XC8 Compiler V2.40

Linker command line:

-W-3 \
  --edf=C:\Program Files\Microchip\xc8\v2.40\pic\dat\20220703182018_en.msgs \
  -cn -h+dist/default/production\SPI-Master.X.production.sym \
  --cmf=dist/default/production\SPI-Master.X.production.cmf -z -Q16F887 \
  -oC:\Users\Gabriel\AppData\Local\Temp\xcAsl38.4 --defsym=__MPLAB_BUILD=1 \
  --fixupoverflow=error \
  -Mdist/default/production/SPI-Master.X.production.map \
  --md=C:\Users\Gabriel\AppData\Local\Temp\xcAsl38.dat -E1 \
  -ver=XC8 Compiler --acfsm=1493 -ACODE=00h-07FFhx4 -ASTRCODE=00h-01FFFh \
  -ASTRING=00h-0FFhx32 -ACONST=00h-0FFhx32 -AENTRY=00h-0FFhx32 \
  -ACOMMON=070h-07Fh -ABANK0=020h-06Fh -ABANK1=0A0h-0EFh \
  -ABANK2=0110h-016Fh -ABANK3=0190h-01EFh \
  -ARAM=020h-06Fh,0A0h-0EFh,0110h-016Fh,0190h-01EFh \
  -AABS1=020h-07Fh,0A0h-0EFh,0110h-016Fh,0190h-01EFh -ASFR0=00h-01Fh \
  -ASFR1=080h-09Fh -ASFR2=0100h-010Fh -ASFR3=0180h-018Fh \
  -ACONFIG=02007h-02008h -DCONFIG=2 -AIDLOC=02000h-02003h -DIDLOC=2 \
  -AEEDATA=00h-0FFh/02100h -peeprom_data=EEDATA -DEEDATA=2 -DCODE=2 \
  -DSTRCODE=2 -DSTRING=2 -DCONST=2 -DENTRY=2 \
  -preset_vec=00h,intentry=04h,init,end_init -ppowerup=CODE -pcinit=CODE \
  -pfunctab=ENTRY -k C:\Users\Gabriel\AppData\Local\Temp\xcAsl38.o \
  dist/default/production\SPI-Master.X.production.o 

Object code version is 3.11

Machine type is 16F887



                Name                               Link     Load   Length Selector   Space Scale
C:\Users\Gabriel\AppData\Local\Temp\xcAsl38.o
                end_init                              C        C        3        8       0
                reset_vec                             0        0        3        0       0
                config                             2007     2007        2        0       4
                idloc                              2000     2000        4        0       5
dist/default/production\SPI-Master.X.production.o
                cinit                                 F        F        9        8       0
                intentry                              4        4        8        8       0
                config                             2007     2007        2        0       4
                idloc                              2000     2000        4        0       5
                text18                              4A1      4A1        7      7D4       0
                text17                              328      328       3E        8       0
                text16                              42D      42D       1A      7D4       0
                text15                              484      484        D      7D4       0
                text14                              251      251       51        8       0
                text13                              40D      40D       20      7D4       0
                text12                              45D      45D       15      7D4       0
                text11                              2E6      2E6       42        8       0
                text10                              447      447       16      7D4       0
                text9                               3EA      3EA       23      7D4       0
                text8                               49A      49A        7      7D4       0
                text7                               491      491        9      7D4       0
                text6                               4A8      4A8        6      7D4       0
                text5                               2A2      2A2       44        8       0
                text4                               366      366       3C        8       0
                text3                               3A2      3A2       25        8       0
                text2                               472      472       12      7D4       0
                text1                                18       18      1C0        8       0
                maintext                            1D8      1D8       79        8       0
                cstackBANK0                          20       20       15       20       1
                cstackCOMMON                         70       70        C       70       1
                bssBANK0                             35       35        3       20       1
                strings                             3C7      3C7       23      78E       0

TOTAL           Name                               Link     Load   Length     Space
        CLASS   CODE           
                end_init                              C        C        3         0
                cinit                                 F        F        9         0
                intentry                              4        4        8         0
                reset_vec                             0        0        3         0
                text18                              4A1      4A1        7         0
                text17                              328      328       3E         0
                text16                              42D      42D       1A         0
                text15                              484      484        D         0
                text14                              251      251       51         0
                text13                              40D      40D       20         0
                text12                              45D      45D       15         0
                text11                              2E6      2E6       42         0
                text10                              447      447       16         0
                text9                               3EA      3EA       23         0
                text8                               49A      49A        7         0
                text7                               491      491        9         0
                text6                               4A8      4A8        6         0
                text5                               2A2      2A2       44         0
                text4                               366      366       3C         0
                text3                               3A2      3A2       25         0
                text2                               472      472       12         0
                text1                                18       18      1C0         0
                maintext                            1D8      1D8       79         0

        CLASS   STRCODE        

        CLASS   STRING         
                strings                             3C7      3C7       23         0

        CLASS   CONST          

        CLASS   ENTRY          

        CLASS   COMMON         
                cstackCOMMON                         70       70        C         1

        CLASS   BANK0          
                cstackBANK0                          20       20       15         1
                bssBANK0                             35       35        3         1

        CLASS   BANK1          

        CLASS   BANK2          

        CLASS   BANK3          

        CLASS   RAM            

        CLASS   ABS1           
                abs_s1                               7E       7E        2         1

        CLASS   SFR0           

        CLASS   SFR1           

        CLASS   SFR2           

        CLASS   SFR3           

        CLASS   CONFIG         
                config                             2007     2007        2         4

        CLASS   IDLOC          
                idloc                              2000     2000        4         5

        CLASS   EEDATA         

        CLASS   STACK          



SEGMENTS        Name                           Load    Length   Top    Selector   Space  Class     Delta

                reset_vec                      000000  000003  000003         0       0  CODE        2
                intentry                       000004  0003C3  0003C7         8       0  CODE        2
                cstackBANK0                    000020  000018  000038        20       1  BANK0       1
                cstackCOMMON                   000070  00000C  00007C        70       1  COMMON      1
                strings                        0003C7  000023  0003EA       78E       0  STRING      2
                text9                          0003EA  0000C4  0004AE       7D4       0  CODE        2


UNUSED ADDRESS RANGES

        Name                Unused          Largest block    Delta
        BANK0            0038-006F             38           1
        BANK1            00A0-00EF             50           1
        BANK2            0110-016F             60           1
        BANK3            0190-01EF             60           1
        CODE             0003-0003              1           2
                         04AE-1FFF            800
        COMMON           007C-007D              2           1
        CONST            0003-0003              1           2
                         04AE-1FFF            100
        EEDATA           2100-21FF            100           2
        ENTRY            0003-0003              1           2
                         04AE-1FFF            100
        RAM              0038-006F             38           1
                         00A0-00EF             50
                         0110-016F             60
                         0190-01EF             60
        SFR0             0000-001F             20           1
        SFR1             0080-009F             20           1
        SFR2             0100-010F             10           1
        SFR3             0180-018F             10           1
        STRCODE          0003-0003              1           2
                         04AE-1FFF           1B52
        STRING           0003-0003              1           2
                         04AE-1FFF            100

                                  Symbol Table

?___lwdiv                 cstackCOMMON 0072
?___lwmod                 cstackBANK0  0020
?___wmul                  cstackCOMMON 0072
?_sprintf                 cstackBANK0  0024
Lcd_Cmd@a                 cstackCOMMON 0075
Lcd_Port@a                cstackCOMMON 0072
Lcd_Set_Cursor@a          cstackCOMMON 0077
Lcd_Set_Cursor@b          cstackCOMMON 0076
Lcd_Set_Cursor@temp       cstackCOMMON 0078
Lcd_Write_Char@a          cstackCOMMON 0074
Lcd_Write_String@a        cstackCOMMON 0075
Lcd_Write_String@i        cstackCOMMON 007A
_ANSEL                    (abs)        0188
_ANSELH                   (abs)        0189
_INTCONbits               (abs)        000B
_LCD_ADC_S1               bssBANK0     0037
_LCD_var1                 bssBANK0     0035
_Lcd_Clear                text15       0484
_Lcd_Cmd                  text16       042D
_Lcd_Init                 text14       0251
_Lcd_Port                 text17       0328
_Lcd_Set_Cursor           text13       040D
_Lcd_Write_Char           text12       045D
_Lcd_Write_String         text11       02E6
_OSCCONbits               (abs)        008F
_PORTA                    (abs)        0005
_PORTB                    (abs)        0006
_PORTBbits                (abs)        0006
_PORTC                    (abs)        0007
_PORTCbits                (abs)        0007
_PORTD                    (abs)        0008
_PORTDbits                (abs)        0008
_PORTE                    (abs)        0009
_SSPBUF                   (abs)        0013
_SSPCON                   (abs)        0014
_SSPSTAT                  (abs)        0094
_SSPSTATbits              (abs)        0094
_TRISB                    (abs)        0086
_TRISC2                   (abs)        043A
_TRISC3                   (abs)        043B
_TRISC5                   (abs)        043D
_TRISD                    (abs)        0088
__Habs1                   abs1         0000
__Hbank0                  bank0        0000
__Hbank1                  bank1        0000
__Hbank2                  bank2        0000
__Hbank3                  bank3        0000
__HbssBANK0               bssBANK0     0000
__Hcinit                  cinit        0018
__Hclrtext                clrtext      0000
__Hcode                   code         0000
__Hcommon                 common       0000
__Hconfig                 config       2009
__HcstackBANK0            cstackBANK0  0000
__HcstackCOMMON           cstackCOMMON 0000
__Heeprom_data            eeprom_data  0000
__Hend_init               end_init     000F
__Hfunctab                functab      0000
__Hidloc                  idloc        2004
__Hinit                   init         000C
__Hintentry               intentry     000C
__Hmaintext               maintext     0000
__Hpowerup                powerup      0000
__Hram                    ram          0000
__Hreset_vec              reset_vec    0003
__Hsfr0                   sfr0         0000
__Hsfr1                   sfr1         0000
__Hsfr2                   sfr2         0000
__Hsfr3                   sfr3         0000
__Hspace_0                (abs)        04AE
__Hspace_1                (abs)        007C
__Hspace_2                (abs)        0000
__Hspace_3                (abs)        0000
__Hspace_4                (abs)        4010
__Hstack                  stack        0000
__Hstrings                strings      0000
__Htext                   text         0000
__Labs1                   abs1         0000
__Lbank0                  bank0        0000
__Lbank1                  bank1        0000
__Lbank2                  bank2        0000
__Lbank3                  bank3        0000
__LbssBANK0               bssBANK0     0000
__Lcinit                  cinit        000F
__Lclrtext                clrtext      0000
__Lcode                   code         0000
__Lcommon                 common       0000
__Lconfig                 config       0000
__LcstackBANK0            cstackBANK0  0000
__LcstackCOMMON           cstackCOMMON 0000
__Leeprom_data            eeprom_data  0000
__Lend_init               end_init     000C
__Lfunctab                functab      0000
__Lidloc                  idloc        0000
__Linit                   init         000C
__Lintentry               intentry     0004
__Lmaintext               maintext     0000
__Lpowerup                powerup      0000
__Lram                    ram          0000
__Lreset_vec              reset_vec    0000
__Lsfr0                   sfr0         0000
__Lsfr1                   sfr1         0000
__Lsfr2                   sfr2         0000
__Lsfr3                   sfr3         0000
__Lspace_0                (abs)        0000
__Lspace_1                (abs)        0000
__Lspace_2                (abs)        0000
__Lspace_3                (abs)        0000
__Lspace_4                (abs)        0000
__Lstack                  stack        0000
__Lstrings                strings      0000
__Ltext                   text         0000
__S0                      (abs)        04AE
__S1                      (abs)        007C
__S3                      (abs)        0000
___int_sp                 stack        0000
___latbits                (abs)        0002
___lwdiv                  text5        02A2
___lwdiv@counter          cstackCOMMON 0079
___lwdiv@dividend         cstackCOMMON 0074
___lwdiv@divisor          cstackCOMMON 0072
___lwdiv@quotient         cstackCOMMON 0077
___lwmod                  text4        0366
___lwmod@counter          cstackCOMMON 007B
___lwmod@dividend         cstackBANK0  0022
___lwmod@divisor          cstackBANK0  0020
___sp                     stack        0000
___stackhi                (abs)        0000
___stacklo                (abs)        0000
___wmul                   text3        03A2
___wmul@multiplicand      cstackCOMMON 0074
___wmul@multiplier        cstackCOMMON 0072
___wmul@product           cstackCOMMON 0076
__end_of_Lcd_Clear        text15       0491
__end_of_Lcd_Cmd          text16       0447
__end_of_Lcd_Init         text14       02A2
__end_of_Lcd_Port         text17       0366
__end_of_Lcd_Set_Cursor   text13       042D
__end_of_Lcd_Write_Char   text12       0472
__end_of_Lcd_Write_String text11       0328
__end_of___lwdiv          text5        02E6
__end_of___lwmod          text4        03A2
__end_of___wmul           text3        03C7
__end_of__initialization  cinit        0014
__end_of__stringtab       strings      03D7
__end_of_dpowers          strings      03E1
__end_of_isdigit          text2        0484
__end_of_isr              text18       04A8
__end_of_main             maintext     0251
__end_of_setup            text9        040D
__end_of_spiInit          text10       045D
__end_of_spiRead          text7        049A
__end_of_spiReceiveWait   text8        04A1
__end_of_spiWrite         text6        04AE
__end_of_sprintf          text1        01D8
__initialization          cinit        000F
__pbssBANK0               bssBANK0     0035
__pcstackBANK0            cstackBANK0  0020
__pcstackCOMMON           cstackCOMMON 0070
__pintentry               intentry     0004
__pmaintext               maintext     01D8
__pstrings                strings      03C7
__ptext1                  text1        0018
__ptext10                 text10       0447
__ptext11                 text11       02E6
__ptext12                 text12       045D
__ptext13                 text13       040D
__ptext14                 text14       0251
__ptext15                 text15       0484
__ptext16                 text16       042D
__ptext17                 text17       0328
__ptext18                 text18       04A1
__ptext2                  text2        0472
__ptext3                  text3        03A2
__ptext4                  text4        0366
__ptext5                  text5        02A2
__ptext6                  text6        04A8
__ptext7                  text7        0491
__ptext8                  text8        049A
__ptext9                  text9        03EA
__stringbase              strings      03D6
__stringtab               strings      03C7
_dpowers                  strings      03D7
_isdigit                  text2        0472
_isdigit$879              cstackCOMMON 0072
_isr                      text18       04A1
_main                     maintext     01D8
_setup                    text9        03EA
_spiInit                  text10       0447
_spiRead                  text7        0491
_spiReceiveWait           text8        049A
_spiWrite                 text6        04A8
_sprintf                  text1        0018
btemp                     (abs)        007E
end_of_initialization     cinit        0014
interrupt_function        intentry     0004
intlevel0                 functab      0000
intlevel1                 functab      0000
intlevel2                 functab      0000
intlevel3                 functab      0000
intlevel4                 functab      0000
intlevel5                 functab      0000
isdigit@c                 cstackCOMMON 0073
reset_vec                 reset_vec    0000
saved_w                   (abs)        007E
spiInit@sClockIdle        cstackCOMMON 0073
spiInit@sDataSample       cstackCOMMON 0072
spiInit@sTransmitEdge     cstackCOMMON 0074
spiInit@sType             cstackCOMMON 0075
spiWrite@dat              cstackCOMMON 0072
sprintf@ap                cstackBANK0  002A
sprintf@c                 cstackBANK0  0032
sprintf@f                 cstackBANK0  0024
sprintf@flag              cstackBANK0  002E
sprintf@prec              cstackBANK0  002B
sprintf@sp                cstackBANK0  0031
sprintf@val               cstackBANK0  002C
sprintf@width             cstackBANK0  002F
start                     init         000C
start_initialization      cinit        000F
wtemp0                    (abs)        007E


MODULE INFORMATION

Module		Function		Class		Link	Load	Size
C:\Program Files\Microchip\xc8\v2.40\pic\sources\c90\common\doprnt.c
		_sprintf       		CODE           	0018	0000	448

C:\Program Files\Microchip\xc8\v2.40\pic\sources\c90\common\doprnt.c estimated size: 448

C:\Program Files\Microchip\xc8\v2.40\pic\sources\c90\common\Umul16.c
		___wmul        		CODE           	03A2	0000	37

C:\Program Files\Microchip\xc8\v2.40\pic\sources\c90\common\Umul16.c estimated size: 37

C:\Program Files\Microchip\xc8\v2.40\pic\sources\c90\common\lwmod.c
		___lwmod       		CODE           	0366	0000	60

C:\Program Files\Microchip\xc8\v2.40\pic\sources\c90\common\lwmod.c estimated size: 60

shared
		__stringtab    		STRING         	03C7	0000	16
		_dpowers       		STRING         	03D7	0000	10
		__initialization		CODE           	000F	0000	5

shared estimated size: 31

C:\Program Files\Microchip\xc8\v2.40\pic\sources\c90\common\isdigit.c
		_isdigit       		CODE           	0472	0000	18

C:\Program Files\Microchip\xc8\v2.40\pic\sources\c90\common\isdigit.c estimated size: 18

SPI.c
		_spiWrite      		CODE           	04A8	0000	6
		_spiInit       		CODE           	0447	0000	22
		_spiReceiveWait		CODE           	049A	0000	7
		_spiRead       		CODE           	0491	0000	9

SPI.c estimated size: 44

main.c
		_main          		CODE           	01D8	0000	121
		_isr           		CODE           	04A1	0000	7
		_setup         		CODE           	03EA	0000	35

main.c estimated size: 163

C:\Program Files\Microchip\xc8\v2.40\pic\sources\c90\common\lwdiv.c
		___lwdiv       		CODE           	02A2	0000	68

C:\Program Files\Microchip\xc8\v2.40\pic\sources\c90\common\lwdiv.c estimated size: 68

LCD.c
		_Lcd_Write_String		CODE           	02E6	0000	66
		_Lcd_Init      		CODE           	0251	0000	81
		_Lcd_Write_Char		CODE           	045D	0000	21
		_Lcd_Cmd       		CODE           	042D	0000	26
		_Lcd_Set_Cursor		CODE           	040D	0000	32
		_Lcd_Clear     		CODE           	0484	0000	13
		_Lcd_Port      		CODE           	0328	0000	62

LCD.c estimated size: 301

